Archive member included to satisfy reference by file (symbol)

d:/imt_tools/arm tools/01- imt sdk/imt_sdk_win_64/winarm/armgcc/bin/../lib/gcc/arm-none-eabi/7.2.1/../../../../arm-none-eabi/lib/thumb/v7-m\libg_nano.a(lib_a-errno.o)
                              ./system/src/newlib/_sbrk.o (__errno)
d:/imt_tools/arm tools/01- imt sdk/imt_sdk_win_64/winarm/armgcc/bin/../lib/gcc/arm-none-eabi/7.2.1/../../../../arm-none-eabi/lib/thumb/v7-m\libg_nano.a(lib_a-impure.o)
                              d:/imt_tools/arm tools/01- imt sdk/imt_sdk_win_64/winarm/armgcc/bin/../lib/gcc/arm-none-eabi/7.2.1/../../../../arm-none-eabi/lib/thumb/v7-m\libg_nano.a(lib_a-errno.o) (_impure_ptr)
d:/imt_tools/arm tools/01- imt sdk/imt_sdk_win_64/winarm/armgcc/bin/../lib/gcc/arm-none-eabi/7.2.1/../../../../arm-none-eabi/lib/thumb/v7-m\libg_nano.a(lib_a-strlen.o)
                              ./system/src/diag/Trace.o (strlen)
d:/imt_tools/arm tools/01- imt sdk/imt_sdk_win_64/winarm/armgcc/bin/../lib/gcc/arm-none-eabi/7.2.1/../../../../arm-none-eabi/lib/thumb/v7-m\libg_nano.a(lib_a-vsnprintf.o)
                              ./system/src/diag/Trace.o (vsnprintf)
d:/imt_tools/arm tools/01- imt sdk/imt_sdk_win_64/winarm/armgcc/bin/../lib/gcc/arm-none-eabi/7.2.1/../../../../arm-none-eabi/lib/thumb/v7-m\libg_nano.a(lib_a-nano-svfprintf.o)
                              d:/imt_tools/arm tools/01- imt sdk/imt_sdk_win_64/winarm/armgcc/bin/../lib/gcc/arm-none-eabi/7.2.1/../../../../arm-none-eabi/lib/thumb/v7-m\libg_nano.a(lib_a-vsnprintf.o) (_svfprintf_r)
d:/imt_tools/arm tools/01- imt sdk/imt_sdk_win_64/winarm/armgcc/bin/../lib/gcc/arm-none-eabi/7.2.1/../../../../arm-none-eabi/lib/thumb/v7-m\libg_nano.a(lib_a-nano-vfprintf_i.o)
                              d:/imt_tools/arm tools/01- imt sdk/imt_sdk_win_64/winarm/armgcc/bin/../lib/gcc/arm-none-eabi/7.2.1/../../../../arm-none-eabi/lib/thumb/v7-m\libg_nano.a(lib_a-nano-svfprintf.o) (_printf_i)
d:/imt_tools/arm tools/01- imt sdk/imt_sdk_win_64/winarm/armgcc/bin/../lib/gcc/arm-none-eabi/7.2.1/../../../../arm-none-eabi/lib/thumb/v7-m\libg_nano.a(lib_a-memchr-stub.o)
                              d:/imt_tools/arm tools/01- imt sdk/imt_sdk_win_64/winarm/armgcc/bin/../lib/gcc/arm-none-eabi/7.2.1/../../../../arm-none-eabi/lib/thumb/v7-m\libg_nano.a(lib_a-nano-svfprintf.o) (memchr)
d:/imt_tools/arm tools/01- imt sdk/imt_sdk_win_64/winarm/armgcc/bin/../lib/gcc/arm-none-eabi/7.2.1/../../../../arm-none-eabi/lib/thumb/v7-m\libg_nano.a(lib_a-memcpy-stub.o)
                              d:/imt_tools/arm tools/01- imt sdk/imt_sdk_win_64/winarm/armgcc/bin/../lib/gcc/arm-none-eabi/7.2.1/../../../../arm-none-eabi/lib/thumb/v7-m\libg_nano.a(lib_a-nano-svfprintf.o) (memcpy)
d:/imt_tools/arm tools/01- imt sdk/imt_sdk_win_64/winarm/armgcc/bin/../lib/gcc/arm-none-eabi/7.2.1/../../../../arm-none-eabi/lib/thumb/v7-m\libg_nano.a(lib_a-memmove.o)
                              d:/imt_tools/arm tools/01- imt sdk/imt_sdk_win_64/winarm/armgcc/bin/../lib/gcc/arm-none-eabi/7.2.1/../../../../arm-none-eabi/lib/thumb/v7-m\libg_nano.a(lib_a-nano-svfprintf.o) (memmove)
d:/imt_tools/arm tools/01- imt sdk/imt_sdk_win_64/winarm/armgcc/bin/../lib/gcc/arm-none-eabi/7.2.1/../../../../arm-none-eabi/lib/thumb/v7-m\libg_nano.a(lib_a-nano-freer.o)
                              d:/imt_tools/arm tools/01- imt sdk/imt_sdk_win_64/winarm/armgcc/bin/../lib/gcc/arm-none-eabi/7.2.1/../../../../arm-none-eabi/lib/thumb/v7-m\libg_nano.a(lib_a-nano-svfprintf.o) (_free_r)
d:/imt_tools/arm tools/01- imt sdk/imt_sdk_win_64/winarm/armgcc/bin/../lib/gcc/arm-none-eabi/7.2.1/../../../../arm-none-eabi/lib/thumb/v7-m\libg_nano.a(lib_a-nano-mallocr.o)
                              d:/imt_tools/arm tools/01- imt sdk/imt_sdk_win_64/winarm/armgcc/bin/../lib/gcc/arm-none-eabi/7.2.1/../../../../arm-none-eabi/lib/thumb/v7-m\libg_nano.a(lib_a-nano-svfprintf.o) (_malloc_r)
d:/imt_tools/arm tools/01- imt sdk/imt_sdk_win_64/winarm/armgcc/bin/../lib/gcc/arm-none-eabi/7.2.1/../../../../arm-none-eabi/lib/thumb/v7-m\libg_nano.a(lib_a-nano-reallocr.o)
                              d:/imt_tools/arm tools/01- imt sdk/imt_sdk_win_64/winarm/armgcc/bin/../lib/gcc/arm-none-eabi/7.2.1/../../../../arm-none-eabi/lib/thumb/v7-m\libg_nano.a(lib_a-nano-svfprintf.o) (_realloc_r)
d:/imt_tools/arm tools/01- imt sdk/imt_sdk_win_64/winarm/armgcc/bin/../lib/gcc/arm-none-eabi/7.2.1/../../../../arm-none-eabi/lib/thumb/v7-m\libg_nano.a(lib_a-sbrkr.o)
                              d:/imt_tools/arm tools/01- imt sdk/imt_sdk_win_64/winarm/armgcc/bin/../lib/gcc/arm-none-eabi/7.2.1/../../../../arm-none-eabi/lib/thumb/v7-m\libg_nano.a(lib_a-nano-mallocr.o) (_sbrk_r)
d:/imt_tools/arm tools/01- imt sdk/imt_sdk_win_64/winarm/armgcc/bin/../lib/gcc/arm-none-eabi/7.2.1/../../../../arm-none-eabi/lib/thumb/v7-m\libg_nano.a(lib_a-mlock.o)
[...]
Memory Configuration

Name             Origin             Length             Attributes
RAM              0x20000000         0x00005000         xrw
CCMRAM           0x00000000         0x00000000         xrw
FLASH            0x08004000         0x00020000         xr
FLASHB1          0x00000000         0x00000000         xr
EXTMEMB0         0x00000000         0x00000000         xr
EXTMEMB1         0x00000000         0x00000000         xr
EXTMEMB2         0x00000000         0x00000000         xr
EXTMEMB3         0x00000000         0x00000000         xr
MEMORY_ARRAY     0x00000000         0x00000000         xrw
*default*        0x00000000         0xffffffff

Linker script and memory map

LOAD ./system/src/stm32f1-stdperiph/misc.o
LOAD ./system/src/stm32f1-stdperiph/stm32f10x_gpio.o
LOAD ./system/src/stm32f1-stdperiph/stm32f10x_rcc.o
LOAD ./system/src/newlib/_cxx.o
LOAD ./system/src/newlib/_exit.o
LOAD ./system/src/newlib/_sbrk.o
LOAD ./system/src/newlib/_startup.o
LOAD ./system/src/newlib/_syscalls.o
LOAD ./system/src/newlib/assert.o
LOAD ./system/src/diag/Trace.o
LOAD ./system/src/diag/trace_impl.o
LOAD ./system/src/cortexm/_initialize_hardware.o
LOAD ./system/src/cortexm/_reset_hardware.o
LOAD ./system/src/cortexm/exception_handlers.o
LOAD ./system/src/cmsis/system_stm32f10x.o
LOAD ./system/src/cmsis/vectors_stm32f10x.o
LOAD ./src/DIO_program.o
LOAD ./src/NVIC_prog.o
LOAD ./src/OS_Prog.o
LOAD ./src/RCC_program.o
LOAD ./src/USART_DMA_prog.o
LOAD ./src/_write.o
LOAD ./src/main.o
LOAD d:/imt_tools/arm tools/01- imt sdk/imt_sdk_win_64/winarm/armgcc/bin/../lib/gcc/arm-none-eabi/7.2.1/../../../../arm-none-eabi/lib/thumb/v7-m\libstdc++_nano.a
LOAD d:/imt_tools/arm tools/01- imt sdk/imt_sdk_win_64/winarm/armgcc/bin/../lib/gcc/arm-none-eabi/7.2.1/../../../../arm-none-eabi/lib/thumb/v7-m\libm.a
START GROUP
LOAD d:/imt_tools/arm tools/01- imt sdk/imt_sdk_win_64/winarm/armgcc/bin/../lib/gcc/arm-none-eabi/7.2.1/thumb/v7-m\libgcc.a
LOAD d:/imt_tools/arm tools/01- imt sdk/imt_sdk_win_64/winarm/armgcc/bin/../lib/gcc/arm-none-eabi/7.2.1/../../../../arm-none-eabi/lib/thumb/v7-m\libg_nano.a
LOAD d:/imt_tools/arm tools/01- imt sdk/imt_sdk_win_64/winarm/armgcc/bin/../lib/gcc/arm-none-eabi/7.2.1/../../../../arm-none-eabi/lib/thumb/v7-m\libc_nano.a
END GROUP
START GROUP
LOAD d:/imt_tools/arm tools/01- imt sdk/imt_sdk_win_64/winarm/armgcc/bin/../lib/gcc/arm-none-eabi/7.2.1/thumb/v7-m\libgcc.a
LOAD d:/imt_tools/arm tools/01- imt sdk/imt_sdk_win_64/winarm/armgcc/bin/../lib/gcc/arm-none-eabi/7.2.1/../../../../arm-none-eabi/lib/thumb/v7-m\libc_nano.a
END GROUP
                0x20005000                __stack = (ORIGIN (RAM) + LENGTH (RAM))
                0x20005000                _estack = __stack
                0x00000400                __Main_Stack_Size = 0x400
                [!provide]                PROVIDE (_Main_Stack_Size, __Main_Stack_Size)
                0x20004c00                __Main_Stack_Limit = (__stack - __Main_Stack_Size)
                [!provide]                PROVIDE (_Main_Stack_Limit, __Main_Stack_Limit)
                0x00000100                _Minimum_Stack_Size = 0x100
                0x20000184                PROVIDE (_Heap_Begin, _end_noinit)
                0x20004c00                PROVIDE (_Heap_Limit, (__stack - __Main_Stack_Size))

.isr_vector     0x08004000      0x350
 FILL mask 0xff
                0x08004000                __vectors_start = ABSOLUTE (.)
                0x08004000                __vectors_start__ = ABSOLUTE (.)
 *(.isr_vector)
 .isr_vector    0x08004000      0x10c ./system/src/cmsis/vectors_stm32f10x.o
                0x08004000                __isr_vectors
 *(.cfmconfig)
 *(.after_vectors .after_vectors.*)
 .after_vectors
                0x0800410c      0x114 ./system/src/newlib/_startup.o
                0x0800410c                _start
 .after_vectors
                0x08004220      0x12c ./system/src/cortexm/exception_handlers.o
                0x08004220                Reset_Handler
                0x08004226                NMI_Handler
                0x0800422a                HardFault_Handler
                0x0800423e                HardFault_Handler_C
                0x0800429c                MemManage_Handler
                0x080042a0                BusFault_Handler
                0x080042b4                BusFault_Handler_C
                0x080042e8                UsageFault_Handler
                0x080042fc                UsageFault_Handler_C
                0x08004330                SVC_Handler
                0x08004334                DebugMon_Handler
                0x08004338                PendSV_Handler
 .after_vectors
                0x0800434c        0x4 ./system/src/cmsis/vectors_stm32f10x.o
                0x0800434c                EXTI2_IRQHandler
                0x0800434c                TIM8_TRG_COM_IRQHandler
                0x0800434c                TIM8_CC_IRQHandler
                0x0800434c                TIM1_CC_IRQHandler
                0x0800434c                TIM6_IRQHandler
                0x0800434c                PVD_IRQHandler
                0x0800434c                SDIO_IRQHandler
                0x0800434c                CAN2_RX1_IRQHandler
                0x0800434c                EXTI3_IRQHandler
                0x0800434c                TIM8_TRG_COM_TIM14_IRQHandler
                0x0800434c                TIM1_UP_TIM10_IRQHandler
                0x0800434c                TIM8_UP_TIM13_IRQHandler
                0x0800434c                EXTI0_IRQHandler
                0x0800434c                I2C2_EV_IRQHandler
                0x0800434c                CAN1_RX0_IRQHandler
                0x0800434c                TIM1_UP_TIM16_IRQHandler
                0x0800434c                CAN2_SCE_IRQHandler
                0x0800434c                ADC1_2_IRQHandler
                0x0800434c                SPI1_IRQHandler
                0x0800434c                TAMPER_IRQHandler
                0x0800434c                TIM6_DAC_IRQHandler
                0x0800434c                TIM1_BRK_TIM9_IRQHandler
                0x0800434c                CAN2_RX0_IRQHandler
                0x0800434c                TIM8_UP_IRQHandler
                0x0800434c                DMA2_Channel2_IRQHandler
                0x0800434c                USART3_IRQHandler
                0x0800434c                RTC_IRQHandler
                0x0800434c                DMA1_Channel7_IRQHandler
                0x0800434c                CAN1_RX1_IRQHandler
                0x0800434c                UART5_IRQHandler
                0x0800434c                ADC3_IRQHandler
                0x0800434c                TIM4_IRQHandler
                0x0800434c                DMA2_Channel1_IRQHandler
                0x0800434c                I2C1_EV_IRQHandler
                0x0800434c                DMA1_Channel6_IRQHandler
                0x0800434c                UART4_IRQHandler
                0x0800434c                DMA2_Channel4_IRQHandler
                0x0800434c                TIM3_IRQHandler
                0x0800434c                RCC_IRQHandler
                0x0800434c                TIM8_BRK_TIM12_IRQHandler
                0x0800434c                TIM1_TRG_COM_IRQHandler
                0x0800434c                DMA1_Channel1_IRQHandler
                0x0800434c                Default_Handler
                0x0800434c                CEC_IRQHandler
                0x0800434c                EXTI15_10_IRQHandler
                0x0800434c                TIM14_IRQHandler
                0x0800434c                TIM13_IRQHandler
                0x0800434c                TIM12_IRQHandler
                0x0800434c                TIM7_IRQHandler
                0x0800434c                CAN2_TX_IRQHandler
                0x0800434c                TIM5_IRQHandler
                0x0800434c                EXTI9_5_IRQHandler
                0x0800434c                ETH_WKUP_IRQHandler
                0x0800434c                SPI2_IRQHandler
                0x0800434c                CAN1_TX_IRQHandler
                0x0800434c                DMA2_Channel5_IRQHandler
                0x0800434c                EXTI4_IRQHandler
                0x0800434c                USB_LP_CAN1_RX0_IRQHandler
                0x0800434c                TIM1_TRG_COM_TIM17_IRQHandler
                0x0800434c                USB_HP_CAN1_TX_IRQHandler
                0x0800434c                DMA1_Channel3_IRQHandler
                0x0800434c                FSMC_IRQHandler
                0x0800434c                ETH_IRQHandler
                0x0800434c                TIM1_UP_IRQHandler
                0x0800434c                WWDG_IRQHandler
                0x0800434c                TIM2_IRQHandler
                0x0800434c                OTG_FS_WKUP_IRQHandler
                0x0800434c                TIM1_TRG_COM_TIM11_IRQHandler
                0x0800434c                TIM1_BRK_IRQHandler
                0x0800434c                EXTI1_IRQHandler
                0x0800434c                RTCAlarm_IRQHandler
                0x0800434c                DMA2_Channel4_5_IRQHandler
                0x0800434c                USART2_IRQHandler
                0x0800434c                I2C2_ER_IRQHandler
                0x0800434c                DMA1_Channel2_IRQHandler
                0x0800434c                TIM8_BRK_IRQHandler
                0x0800434c                CAN1_SCE_IRQHandler
                0x0800434c                FLASH_IRQHandler
                0x0800434c                USART1_IRQHandler
                0x0800434c                OTG_FS_IRQHandler
                0x0800434c                SPI3_IRQHandler
                0x0800434c                I2C1_ER_IRQHandler
                0x0800434c                USBWakeUp_IRQHandler
                0x0800434c                DMA2_Channel3_IRQHandler
                0x0800434c                TIM1_BRK_TIM15_IRQHandler

.inits          0x08004350       0x28
                0x08004350                __data_regions_array_start = .
                0x08004350        0x4 LONG 0x800562c LOADADDR (.data)
                0x08004354        0x4 LONG 0x20000000 ADDR (.data)
                0x08004358        0x4 LONG 0x200000cc (ADDR (.data) + SIZEOF (.data))
                0x0800435c        0x4 LONG 0x800562c LOADADDR (.data_CCMRAM)
                0x08004360        0x4 LONG 0x0 ADDR (.data_CCMRAM)
                0x08004364        0x4 LONG 0x0 (ADDR (.data_CCMRAM) + SIZEOF (.data_CCMRAM))
                0x08004368                __data_regions_array_end = .
                0x08004368                __bss_regions_array_start = .
                0x08004368        0x4 LONG 0x200000cc ADDR (.bss)
                0x0800436c        0x4 LONG 0x20000184 (ADDR (.bss) + SIZEOF (.bss))
                0x08004370        0x4 LONG 0x0 ADDR (.bss_CCMRAM)
                0x08004374        0x4 LONG 0x0 (ADDR (.bss_CCMRAM) + SIZEOF (.bss_CCMRAM))
                0x08004378                __bss_regions_array_end = .
 *(.init)
 *(.fini)
                0x08004378                . = ALIGN (0x4)
                0x08004378                PROVIDE (__preinit_array_start, .)
 *(.preinit_array_sysinit .preinit_array_sysinit.*)
 *(.preinit_array_platform .preinit_array_platform.*)
 *(.preinit_array .preinit_array.*)
                0x08004378                PROVIDE (__preinit_array_end, .)
                0x08004378                . = ALIGN (0x4)
                0x08004378                PROVIDE (__init_array_start, .)
 *(SORT_BY_NAME(.init_array.*))
 *(.init_array)
                0x08004378                PROVIDE (__init_array_end, .)
                0x08004378                . = ALIGN (0x4)
                0x08004378                PROVIDE (__fini_array_start, .)
 *(SORT_BY_NAME(.fini_array.*))
 *(.fini_array)
                0x08004378                PROVIDE (__fini_array_end, .)

.flashtext
 *(.flashtext .flashtext.*)

.text           0x08004378     0x12b3
 *(.text .text.*)
 .text._exit    0x08004378        0x2 ./system/src/newlib/_exit.o
                0x08004378                _exit
 *fill*         0x0800437a        0x2 
 .text._sbrk    0x0800437c       0x44 ./system/src/newlib/_sbrk.o
                0x0800437c                _sbrk
 .text.__initialize_args
                0x080043c0       0x10 ./system/src/newlib/_syscalls.o
                0x080043c0                __initialize_args
 .text.trace_printf
                0x080043d0       0x30 ./system/src/diag/Trace.o
                0x080043d0                trace_printf
 .text._trace_write_semihosting_debug
                0x08004400       0x60 ./system/src/diag/trace_impl.o
 .text.trace_write
                0x08004460        0x8 ./system/src/diag/trace_impl.o
                0x08004460                trace_write
 .text.__initialize_hardware_early
                0x08004468       0x18 ./system/src/cortexm/_initialize_hardware.o
                0x08004468                __initialize_hardware_early
 .text.__initialize_hardware
                0x08004480        0x8 ./system/src/cortexm/_initialize_hardware.o
                0x08004480                __initialize_hardware
 .text.dumpExceptionStack
                0x08004488       0xf4 ./system/src/cortexm/exception_handlers.o
                0x08004488                dumpExceptionStack
 .text.isSemihosting
                0x0800457c       0x20 ./system/src/cortexm/exception_handlers.o
                0x0800457c                isSemihosting
 .text.SetSysClockTo72
                0x0800459c       0xc4 ./system/src/cmsis/system_stm32f10x.o
 .text.SetSysClock
                0x08004660        0x8 ./system/src/cmsis/system_stm32f10x.o
 .text.SystemInit
                0x08004668       0x50 ./system/src/cmsis/system_stm32f10x.o
                0x08004668                SystemInit
 .text.SystemCoreClockUpdate
                0x080046b8       0x94 ./system/src/cmsis/system_stm32f10x.o
                0x080046b8                SystemCoreClockUpdate
 .text.DIO_init
                0x0800474c       0x34 ./src/DIO_program.o
                0x0800474c                DIO_init
 .text.DIO_SetPinValue
                0x08004780       0x8c ./src/DIO_program.o
                0x08004780                DIO_SetPinValue
 .text.myNVIC_Init
                0x0800480c       0x10 ./src/NVIC_prog.o
                0x0800480c                myNVIC_Init
 .text.NVIC_EnableInt
                0x0800481c       0x2c ./src/NVIC_prog.o
                0x0800481c                NVIC_EnableInt
 .text.OS_voidSchedular
                0x08004848       0x54 ./src/OS_Prog.o
 .text.Systick_Init
                0x0800489c       0x18 ./src/OS_Prog.o
                0x0800489c                Systick_Init
 .text.SysTick_Handler
                0x080048b4        0x8 ./src/OS_Prog.o
                0x080048b4                SysTick_Handler
 .text.OS_CreateTask
                0x080048bc       0x10 ./src/OS_Prog.o
                0x080048bc                OS_CreateTask
 .text.OS_Init  0x080048cc       0x60 ./src/OS_Prog.o
                0x080048cc                OS_Init
 .text.RCC_Init
                0x0800492c       0x3c ./src/RCC_program.o
                0x0800492c                RCC_Init
 .text.RCC_voidEnableClock
                0x08004968       0x4c ./src/RCC_program.o
                0x08004968                RCC_voidEnableClock
 .text.strTransmit
                0x080049b4       0x60 ./src/USART_DMA_prog.o
 .text.USART_Init
                0x08004a14       0x38 ./src/USART_DMA_prog.o
                0x08004a14                USART_Init
 .text.DMA_USART_RX_Test
                0x08004a4c      0x144 ./src/USART_DMA_prog.o
                0x08004a4c                DMA_USART_RX_Test
 .text.DMA1_Channel5_IRQHandler
                0x08004b90       0x24 ./src/USART_DMA_prog.o
                0x08004b90                DMA1_Channel5_IRQHandler
 .text.DMA1_Channel4_IRQHandler
                0x08004bb4       0x1c ./src/USART_DMA_prog.o
                0x08004bb4                DMA1_Channel4_IRQHandler
 .text.Blink_Red_Off
                0x08004bd0        0xe ./src/main.o
                0x08004bd0                Blink_Red_Off
 .text.Blink_Red_On
                0x08004bde        0xe ./src/main.o
                0x08004bde                Blink_Red_On
 .text.main     0x08004bec       0x4a ./src/main.o
                0x08004bec                main
 *fill*         0x08004c36        0x2 
 .text.__errno  0x08004c38        0xc d:/imt_tools/arm tools/01- imt sdk/imt_sdk_win_64/winarm/armgcc/bin/../lib/gcc/arm-none-eabi/7.2.1/../../../../arm-none-eabi/lib/thumb/v7-m\libg_nano.a(lib_a-errno.o)
                0x08004c38                __errno
 .text._vsnprintf_r
                0x08004c44       0x58 d:/imt_tools/arm tools/01- imt sdk/imt_sdk_win_64/winarm/armgcc/bin/../lib/gcc/arm-none-eabi/7.2.1/../../../../arm-none-eabi/lib/thumb/v7-m\libg_nano.a(lib_a-vsnprintf.o)
                0x08004c44                _vsniprintf_r
                0x08004c44                _vsnprintf_r
 .text.vsnprintf
                0x08004c9c       0x1c d:/imt_tools/arm tools/01- imt sdk/imt_sdk_win_64/winarm/armgcc/bin/../lib/gcc/arm-none-eabi/7.2.1/../../../../arm-none-eabi/lib/thumb/v7-m\libg_nano.a(lib_a-vsnprintf.o)
                0x08004c9c                vsniprintf
                0x08004c9c                vsnprintf
 .text.__ssputs_r
                0x08004cb8       0xb4 d:/imt_tools/arm tools/01- imt sdk/imt_sdk_win_64/winarm/armgcc/bin/../lib/gcc/arm-none-eabi/7.2.1/../../../../arm-none-eabi/lib/thumb/v7-m\libg_nano.a(lib_a-nano-svfprintf.o)
                0x08004cb8                __ssputs_r
 .text._svfprintf_r
                0x08004d6c      0x1ec d:/imt_tools/arm tools/01- imt sdk/imt_sdk_win_64/winarm/armgcc/bin/../lib/gcc/arm-none-eabi/7.2.1/../../../../arm-none-eabi/lib/thumb/v7-m\libg_nano.a(lib_a-nano-svfprintf.o)
                0x08004d6c                _svfiprintf_r
                0x08004d6c                _svfprintf_r
 .text._printf_common
                0x08004f58       0xec d:/imt_tools/arm tools/01- imt sdk/imt_sdk_win_64/winarm/armgcc/bin/../lib/gcc/arm-none-eabi/7.2.1/../../../../arm-none-eabi/lib/thumb/v7-m\libg_nano.a(lib_a-nano-vfprintf_i.o)
                0x08004f58                _printf_common
 .text._printf_i
                0x08005044      0x224 d:/imt_tools/arm tools/01- imt sdk/imt_sdk_win_64/winarm/armgcc/bin/../lib/gcc/arm-none-eabi/7.2.1/../../../../arm-none-eabi/lib/thumb/v7-m\libg_nano.a(lib_a-nano-vfprintf_i.o)
                0x08005044                _printf_i
 .text.memchr   0x08005268       0x1c d:/imt_tools/arm tools/01- imt sdk/imt_sdk_win_64/winarm/armgcc/bin/../lib/gcc/arm-none-eabi/7.2.1/../../../../arm-none-eabi/lib/thumb/v7-m\libg_nano.a(lib_a-memchr-stub.o)
                0x08005268                memchr
 .text.memcpy   0x08005284       0x16 d:/imt_tools/arm tools/01- imt sdk/imt_sdk_win_64/winarm/armgcc/bin/../lib/gcc/arm-none-eabi/7.2.1/../../../../arm-none-eabi/lib/thumb/v7-m\libg_nano.a(lib_a-memcpy-stub.o)
                0x08005284                memcpy
 .text.memmove  0x0800529a       0x32 d:/imt_tools/arm tools/01- imt sdk/imt_sdk_win_64/winarm/armgcc/bin/../lib/gcc/arm-none-eabi/7.2.1/../../../../arm-none-eabi/lib/thumb/v7-m\libg_nano.a(lib_a-memmove.o)
                0x0800529a                memmove
 .text._free_r  0x080052cc       0x98 d:/imt_tools/arm tools/01- imt sdk/imt_sdk_win_64/winarm/armgcc/bin/../lib/gcc/arm-none-eabi/7.2.1/../../../../arm-none-eabi/lib/thumb/v7-m\libg_nano.a(lib_a-nano-freer.o)
                0x080052cc                _free_r
 .text._malloc_r
                0x08005364       0xb4 d:/imt_tools/arm tools/01- imt sdk/imt_sdk_win_64/winarm/armgcc/bin/../lib/gcc/arm-none-eabi/7.2.1/../../../../arm-none-eabi/lib/thumb/v7-m\libg_nano.a(lib_a-nano-mallocr.o)
                0x08005364                _malloc_r
 .text._realloc_r
                0x08005418       0x4c d:/imt_tools/arm tools/01- imt sdk/imt_sdk_win_64/winarm/armgcc/bin/../lib/gcc/arm-none-eabi/7.2.1/../../../../arm-none-eabi/lib/thumb/v7-m\libg_nano.a(lib_a-nano-reallocr.o)
                0x08005418                _realloc_r
 .text._sbrk_r  0x08005464       0x20 d:/imt_tools/arm tools/01- imt sdk/imt_sdk_win_64/winarm/armgcc/bin/../lib/gcc/arm-none-eabi/7.2.1/../../../../arm-none-eabi/lib/thumb/v7-m\libg_nano.a(lib_a-sbrkr.o)
                0x08005464                _sbrk_r
 .text.__malloc_lock
                0x08005484        0x2 d:/imt_tools/arm tools/01- imt sdk/imt_sdk_win_64/winarm/armgcc/bin/../lib/gcc/arm-none-eabi/7.2.1/../../../../arm-none-eabi/lib/thumb/v7-m\libg_nano.a(lib_a-mlock.o)
                0x08005484                __malloc_lock
 .text.__malloc_unlock
                0x08005486        0x2 d:/imt_tools/arm tools/01- imt sdk/imt_sdk_win_64/winarm/armgcc/bin/../lib/gcc/arm-none-eabi/7.2.1/../../../../arm-none-eabi/lib/thumb/v7-m\libg_nano.a(lib_a-mlock.o)
                0x08005486                __malloc_unlock
 .text._malloc_usable_size_r
                0x08005488       0x10 d:/imt_tools/arm tools/01- imt sdk/imt_sdk_win_64/winarm/armgcc/bin/../lib/gcc/arm-none-eabi/7.2.1/../../../../arm-none-eabi/lib/thumb/v7-m\libg_nano.a(lib_a-nano-msizer.o)
                0x08005488                _malloc_usable_size_r
 *(.rodata .rodata.* .constdata .constdata.*)
 .rodata.dumpExceptionStack.str1.4
                0x08005498      0x11a ./system/src/cortexm/exception_handlers.o
 *fill*         0x080055b2        0x2 
 .rodata.str1.4
                0x080055b4       0x2c ./system/src/cortexm/exception_handlers.o
                                 0x2a (size before relaxing)
 .rodata        0x080055e0       0x18 ./src/OS_Prog.o
 .rodata._svfprintf_r.str1.1
                0x080055f8       0x11 d:/imt_tools/arm tools/01- imt sdk/imt_sdk_win_64/winarm/armgcc/bin/../lib/gcc/arm-none-eabi/7.2.1/../../../../arm-none-eabi/lib/thumb/v7-m\libg_nano.a(lib_a-nano-svfprintf.o)
 .rodata._printf_i.str1.1
                0x08005609       0x22 d:/imt_tools/arm tools/01- imt sdk/imt_sdk_win_64/winarm/armgcc/bin/../lib/gcc/arm-none-eabi/7.2.1/../../../../arm-none-eabi/lib/thumb/v7-m\libg_nano.a(lib_a-nano-vfprintf_i.o)
 *(vtable)
 *(.eh_frame*)
 *(.glue_7)
 .glue_7        0x0800562b        0x0 linker stubs
 *(.glue_7t)
 .glue_7t       0x0800562b        0x0 linker stubs

.vfp11_veneer   0x0800562c        0x0
 .vfp11_veneer  0x0800562c        0x0 linker stubs

.v4_bx          0x0800562c        0x0
 .v4_bx         0x0800562c        0x0 linker stubs

.iplt           0x0800562c        0x0
 .iplt          0x0800562c        0x0 ./system/src/newlib/_exit.o

.rel.dyn        0x0800562c        0x0
 .rel.iplt      0x0800562c        0x0 ./system/src/newlib/_exit.o

.ARM.extab
 *(.ARM.extab* .gnu.linkonce.armextab.*)
                0x0800562c                . = ALIGN (0x4)
                0x0800562c                __exidx_start = .

.ARM.exidx
 *(.ARM.exidx* .gnu.linkonce.armexidx.*)
                0x0800562c                __exidx_end = .
                0x0800562c                . = ALIGN (0x4)
                0x0800562c                _etext = .
                0x0800562c                __etext = .

.data_CCMRAM    0x00000000        0x0 load address 0x0800562c
 FILL mask 0xff
 *(.data.CCMRAM .data.CCMRAM.*)
                0x00000000                . = ALIGN (0x4)
                0x0800562c                _sidata = LOADADDR (.data)

.data           0x20000000       0xcc load address 0x0800562c
 FILL mask 0xff
                0x20000000                _sdata = .
                0x20000000                __data_start__ = .
 *(.data_begin .data_begin.*)
 .data_begin    0x20000000        0x4 ./system/src/newlib/_startup.o
 *(.data .data.*)
 .data.argv.4310
                0x20000004        0x8 ./system/src/newlib/_syscalls.o
 .data.AHBPrescTable
                0x2000000c       0x10 ./system/src/cmsis/system_stm32f10x.o
                0x2000000c                AHBPrescTable
 .data.SystemCoreClock
                0x2000001c        0x4 ./system/src/cmsis/system_stm32f10x.o
                0x2000001c                SystemCoreClock
 .data.NACK     0x20000020        0x5 ./src/USART_DMA_prog.o
 *fill*         0x20000025        0x3 ff
 .data.Success_Unlock
                0x20000028       0x1a ./src/USART_DMA_prog.o
 *fill*         0x20000042        0x2 ff
 .data.Success_lock
                0x20000044       0x1d ./src/USART_DMA_prog.o
 *fill*         0x20000061        0x3 ff
 .data._impure_ptr
                0x20000064        0x4 d:/imt_tools/arm tools/01- imt sdk/imt_sdk_win_64/winarm/armgcc/bin/../lib/gcc/arm-none-eabi/7.2.1/../../../../arm-none-eabi/lib/thumb/v7-m\libg_nano.a(lib_a-impure.o)
                0x20000064                _impure_ptr
 .data.impure_data
                0x20000068       0x60 d:/imt_tools/arm tools/01- imt sdk/imt_sdk_win_64/winarm/armgcc/bin/../lib/gcc/arm-none-eabi/7.2.1/../../../../arm-none-eabi/lib/thumb/v7-m\libg_nano.a(lib_a-impure.o)
 *(.data_end .data_end.*)
 .data_end      0x200000c8        0x4 ./system/src/newlib/_startup.o
                0x200000cc                . = ALIGN (0x4)
                0x200000cc                _edata = .
                0x200000cc                __data_end__ = .

.igot.plt       0x200000cc        0x0 load address 0x080056f8
 .igot.plt      0x200000cc        0x0 ./system/src/newlib/_exit.o

.bss_CCMRAM     0x00000000        0x0
 *(.bss.CCMRAM .bss.CCMRAM.*)

.bss            0x200000cc       0xb8
                0x200000cc                __bss_start__ = .
                0x200000cc                _sbss = .
 *(.bss_begin .bss_begin.*)
 .bss_begin     0x200000cc        0x4 ./system/src/newlib/_startup.o
 *(.bss .bss.*)
 .bss.current_heap_end.3961
                0x200000d0        0x4 ./system/src/newlib/_sbrk.o
 .bss.name.4309
                0x200000d4        0x1 ./system/src/newlib/_syscalls.o
 *fill*         0x200000d5        0x3 
 .bss.buf.5205  0x200000d8       0x80 ./system/src/diag/Trace.o
 .bss.Tasks_Que
                0x20000158        0x8 ./src/OS_Prog.o
 .bss.__malloc_free_list
                0x20000160        0x4 d:/imt_tools/arm tools/01- imt sdk/imt_sdk_win_64/winarm/armgcc/bin/../lib/gcc/arm-none-eabi/7.2.1/../../../../arm-none-eabi/lib/thumb/v7-m\libg_nano.a(lib_a-nano-mallocr.o)
                0x20000160                __malloc_free_list
 .bss.__malloc_sbrk_start
                0x20000164        0x4 d:/imt_tools/arm tools/01- imt sdk/imt_sdk_win_64/winarm/armgcc/bin/../lib/gcc/arm-none-eabi/7.2.1/../../../../arm-none-eabi/lib/thumb/v7-m\libg_nano.a(lib_a-nano-mallocr.o)
                0x20000164                __malloc_sbrk_start
 *(COMMON)
 COMMON         0x20000168        0x4 ./system/src/newlib/_syscalls.o
                0x20000168                errno
 COMMON         0x2000016c        0x8 ./src/OS_Prog.o
                0x2000016c                Task_ARRAY
 COMMON         0x20000174        0x9 ./src/USART_DMA_prog.o
                0x20000174                RxDMABuffer
 *(.bss_end .bss_end.*)
 *fill*         0x2000017d        0x3 
 .bss_end       0x20000180        0x4 ./system/src/newlib/_startup.o
                0x20000184                . = ALIGN (0x4)
                0x20000184                __bss_end__ = .
                0x20000184                _ebss = .

.noinit_CCMRAM
 *(.noinit.CCMRAM .noinit.CCMRAM.*)

.noinit         0x20000184        0x0
                0x20000184                _noinit = .
 *(.noinit .noinit.*)
                0x20000184                . = ALIGN (0x4)
                0x20000184                _end_noinit = .
                [!provide]                PROVIDE (end, _end_noinit)
                [!provide]                PROVIDE (_end, _end_noinit)
                [!provide]                PROVIDE (__end, _end_noinit)
                [!provide]                PROVIDE (__end__, _end_noinit)

._check_stack   0x20000184      0x100
                0x20000284                . = (. + _Minimum_Stack_Size)
 *fill*         0x20000184      0x100 

.b1text
 *(.b1text)
 *(.b1rodata)
 *(.b1rodata.*)

.eb0text
 *(.eb0text)
 *(.eb0rodata)
 *(.eb0rodata.*)

.eb1text
 *(.eb1text)
 *(.eb1rodata)
 *(.eb1rodata.*)

.eb2text
 *(.eb2text)
 *(.eb2rodata)
 *(.eb2rodata.*)

.eb3text
 *(.eb3text)
 *(.eb3rodata)
 *(.eb3rodata.*)

.stab
 *(.stab)

.stabstr
 *(.stabstr)

.stab.excl
 *(.stab.excl)

.stab.exclstr
 *(.stab.exclstr)

.stab.index
 *(.stab.index)

.stab.indexstr
 *(.stab.indexstr)

.comment        0x00000000       0x7e
 *(.comment)
 .comment       0x00000000       0x7e ./system/src/newlib/_exit.o
                                 0x7f (size before relaxing)
 .comment       0x0000007e       0x7f ./system/src/newlib/_sbrk.o
 .comment       0x0000007e       0x7f ./system/src/newlib/_startup.o
 .comment       0x0000007e       0x7f ./system/src/newlib/_syscalls.o
 .comment       0x0000007e       0x7f ./system/src/diag/Trace.o
 .comment       0x0000007e       0x7f ./system/src/diag/trace_impl.o
 .comment       0x0000007e       0x7f ./system/src/cortexm/_initialize_hardware.o
 .comment       0x0000007e       0x7f ./system/src/cortexm/exception_handlers.o
 .comment       0x0000007e       0x7f ./system/src/cmsis/system_stm32f10x.o
 .comment       0x0000007e       0x7f ./system/src/cmsis/vectors_stm32f10x.o
 .comment       0x0000007e       0x7f ./src/DIO_program.o
 .comment       0x0000007e       0x7f ./src/NVIC_prog.o
 .comment       0x0000007e       0x7f ./src/OS_Prog.o
 .comment       0x0000007e       0x7f ./src/RCC_program.o
 .comment       0x0000007e       0x7f ./src/USART_DMA_prog.o
 .comment       0x0000007e       0x7f ./src/main.o

.ARM.attributes
                0x00000000       0x31
 .ARM.attributes
                0x00000000       0x33 ./system/src/newlib/_exit.o
 .ARM.attributes
                0x00000033       0x33 ./system/src/newlib/_sbrk.o
 .ARM.attributes
                0x00000066       0x33 ./system/src/newlib/_startup.o
 .ARM.attributes
                0x00000099       0x33 ./system/src/newlib/_syscalls.o
 .ARM.attributes
                0x000000cc       0x33 ./system/src/diag/Trace.o
 .ARM.attributes
                0x000000ff       0x33 ./system/src/diag/trace_impl.o
 .ARM.attributes
                0x00000132       0x33 ./system/src/cortexm/_initialize_hardware.o
 .ARM.attributes
                0x00000165       0x33 ./system/src/cortexm/exception_handlers.o
 .ARM.attributes
                0x00000198       0x33 ./system/src/cmsis/system_stm32f10x.o
 .ARM.attributes
                0x000001cb       0x33 ./system/src/cmsis/vectors_stm32f10x.o
 .ARM.attributes
                0x000001fe       0x33 ./src/DIO_program.o
 .ARM.attributes
                0x00000231       0x33 ./src/NVIC_prog.o
 .ARM.attributes
                0x00000264       0x33 ./src/OS_Prog.o
 .ARM.attributes
                0x00000297       0x33 ./src/RCC_program.o
 .ARM.attributes
                0x000002ca       0x33 ./src/USART_DMA_prog.o
 .ARM.attributes
                0x000002fd       0x33 ./src/main.o
 .ARM.attributes
                0x00000330       0x2d d:/imt_tools/arm tools/01- imt sdk/imt_sdk_win_64/winarm/armgcc/bin/../lib/gcc/arm-none-eabi/7.2.1/../../../../arm-none-eabi/lib/thumb/v7-m\libg_nano.a(lib_a-errno.o)
 .ARM.attributes
                0x0000035d       0x2d d:/imt_tools/arm tools/01- imt sdk/imt_sdk_win_64/winarm/armgcc/bin/../lib/gcc/arm-none-eabi/7.2.1/../../../../arm-none-eabi/lib/thumb/v7-m\libg_nano.a(lib_a-impure.o)
 .ARM.attributes
                0x0000038a       0x2d d:/imt_tools/arm tools/01- imt sdk/imt_sdk_win_64/winarm/armgcc/bin/../lib/gcc/arm-none-eabi/7.2.1/../../../../arm-none-eabi/lib/thumb/v7-m\libg_nano.a(lib_a-vsnprintf.o)
 .ARM.attributes
                0x000003b7       0x2d d:/imt_tools/arm tools/01- imt sdk/imt_sdk_win_64/winarm/armgcc/bin/../lib/gcc/arm-none-eabi/7.2.1/../../../../arm-none-eabi/lib/thumb/v7-m\libg_nano.a(lib_a-nano-svfprintf.o)
 .ARM.attributes
                0x000003e4       0x2d d:/imt_tools/arm tools/01- imt sdk/imt_sdk_win_64/winarm/armgcc/bin/../lib/gcc/arm-none-eabi/7.2.1/../../../../arm-none-eabi/lib/thumb/v7-m\libg_nano.a(lib_a-nano-vfprintf_i.o)
 .ARM.attributes
                0x00000411       0x2d d:/imt_tools/arm tools/01- imt sdk/imt_sdk_win_64/winarm/armgcc/bin/../lib/gcc/arm-none-eabi/7.2.1/../../../../arm-none-eabi/lib/thumb/v7-m\libg_nano.a(lib_a-memchr-stub.o)
 .ARM.attributes
                0x0000043e       0x2d d:/imt_tools/arm tools/01- imt sdk/imt_sdk_win_64/winarm/armgcc/bin/../lib/gcc/arm-none-eabi/7.2.1/../../../../arm-none-eabi/lib/thumb/v7-m\libg_nano.a(lib_a-memcpy-stub.o)
 .ARM.attributes
                0x0000046b       0x2d d:/imt_tools/arm tools/01- imt sdk/imt_sdk_win_64/winarm/armgcc/bin/../lib/gcc/arm-none-eabi/7.2.1/../../../../arm-none-eabi/lib/thumb/v7-m\libg_nano.a(lib_a-memmove.o)
 .ARM.attributes
                0x00000498       0x2d d:/imt_tools/arm tools/01- imt sdk/imt_sdk_win_64/winarm/armgcc/bin/../lib/gcc/arm-none-eabi/7.2.1/../../../../arm-none-eabi/lib/thumb/v7-m\libg_nano.a(lib_a-nano-freer.o)
 .ARM.attributes
                0x000004c5       0x2d d:/imt_tools/arm tools/01- imt sdk/imt_sdk_win_64/winarm/armgcc/bin/../lib/gcc/arm-none-eabi/7.2.1/../../../../arm-none-eabi/lib/thumb/v7-m\libg_nano.a(lib_a-nano-mallocr.o)
 .ARM.attributes
                0x000004f2       0x2d d:/imt_tools/arm tools/01- imt sdk/imt_sdk_win_64/winarm/armgcc/bin/../lib/gcc/arm-none-eabi/7.2.1/../../../../arm-none-eabi/lib/thumb/v7-m\libg_nano.a(lib_a-nano-reallocr.o)
 .ARM.attributes
                0x0000051f       0x2d d:/imt_tools/arm tools/01- imt sdk/imt_sdk_win_64/winarm/armgcc/bin/../lib/gcc/arm-none-eabi/7.2.1/../../../../arm-none-eabi/lib/thumb/v7-m\libg_nano.a(lib_a-sbrkr.o)
 .ARM.attributes
                0x0000054c       0x2d d:/imt_tools/arm tools/01- imt sdk/imt_sdk_win_64/winarm/armgcc/bin/../lib/gcc/arm-none-eabi/7.2.1/../../../../arm-none-eabi/lib/thumb/v7-m\libg_nano.a(lib_a-mlock.o)
 .ARM.attributes
                0x00000579       0x2d d:/imt_tools/arm tools/01- imt sdk/imt_sdk_win_64/winarm/armgcc/bin/../lib/gcc/arm-none-eabi/7.2.1/../../../../arm-none-eabi/lib/thumb/v7-m\libg_nano.a(lib_a-nano-msizer.o)

.debug
 *(.debug)

.line
 *(.line)

.debug_srcinfo
 *(.debug_srcinfo)

.debug_sfnames
 *(.debug_sfnames)

.debug_aranges  0x00000000      0x3b0
 *(.debug_aranges)
 .debug_aranges
                0x00000000       0x28 ./system/src/newlib/_exit.o
 .debug_aranges
                0x00000028       0x20 ./system/src/newlib/_sbrk.o
 .debug_aranges
                0x00000048       0x40 ./system/src/newlib/_startup.o
 .debug_aranges
                0x00000088       0x30 ./system/src/newlib/_syscalls.o
 .debug_aranges
                0x000000b8       0x38 ./system/src/diag/Trace.o
 .debug_aranges
                0x000000f0       0x30 ./system/src/diag/trace_impl.o
 .debug_aranges
                0x00000120       0x28 ./system/src/cortexm/_initialize_hardware.o
 .debug_aranges
                0x00000148       0x90 ./system/src/cortexm/exception_handlers.o
 .debug_aranges
                0x000001d8       0x38 ./system/src/cmsis/system_stm32f10x.o
 .debug_aranges
                0x00000210       0x20 ./system/src/cmsis/vectors_stm32f10x.o
 .debug_aranges
                0x00000230       0x30 ./src/DIO_program.o
 .debug_aranges
                0x00000260       0x48 ./src/NVIC_prog.o
 .debug_aranges
                0x000002a8       0x50 ./src/OS_Prog.o
 .debug_aranges
                0x000002f8       0x30 ./src/RCC_program.o
 .debug_aranges
                0x00000328       0x58 ./src/USART_DMA_prog.o
 .debug_aranges
                0x00000380       0x30 ./src/main.o

.debug_pubnames
 *(.debug_pubnames)

.debug_info     0x00000000     0x5940
 *(.debug_info .gnu.linkonce.wi.*)
 .debug_info    0x00000000      0x956 ./system/src/newlib/_exit.o
 .debug_info    0x00000956      0x942 ./system/src/newlib/_sbrk.o
 .debug_info    0x00001298      0x42e ./system/src/newlib/_startup.o
 .debug_info    0x000016c6      0xa19 ./system/src/newlib/_syscalls.o
 .debug_info    0x000020df      0xb2a ./system/src/diag/Trace.o
 .debug_info    0x00002c09      0x363 ./system/src/diag/trace_impl.o
 .debug_info    0x00002f6c      0x2b5 ./system/src/cortexm/_initialize_hardware.o
 .debug_info    0x00003221     0x1140 ./system/src/cortexm/exception_handlers.o
 .debug_info    0x00004361      0x494 ./system/src/cmsis/system_stm32f10x.o
 .debug_info    0x000047f5       0xca ./system/src/cmsis/vectors_stm32f10x.o
 .debug_info    0x000048bf      0x176 ./src/DIO_program.o
 .debug_info    0x00004a35      0x14e ./src/NVIC_prog.o
 .debug_info    0x00004b83      0x28f ./src/OS_Prog.o
 .debug_info    0x00004e12       0xd2 ./src/RCC_program.o
 .debug_info    0x00004ee4      0x7cd ./src/USART_DMA_prog.o
 .debug_info    0x000056b1      0x28f ./src/main.o

.debug_abbrev   0x00000000     0x18c5
 *(.debug_abbrev)
 .debug_abbrev  0x00000000      0x1f3 ./system/src/newlib/_exit.o
 .debug_abbrev  0x000001f3      0x1fc ./system/src/newlib/_sbrk.o
 .debug_abbrev  0x000003ef      0x1b3 ./system/src/newlib/_startup.o
 .debug_abbrev  0x000005a2      0x234 ./system/src/newlib/_syscalls.o
 .debug_abbrev  0x000007d6      0x276 ./system/src/diag/Trace.o
 .debug_abbrev  0x00000a4c      0x1e2 ./system/src/diag/trace_impl.o
 .debug_abbrev  0x00000c2e       0xea ./system/src/cortexm/_initialize_hardware.o
 .debug_abbrev  0x00000d18      0x32b ./system/src/cortexm/exception_handlers.o
 .debug_abbrev  0x00001043      0x177 ./system/src/cmsis/system_stm32f10x.o
 .debug_abbrev  0x000011ba       0x9d ./system/src/cmsis/vectors_stm32f10x.o
 .debug_abbrev  0x00001257      0x100 ./src/DIO_program.o
 .debug_abbrev  0x00001357       0x7f ./src/NVIC_prog.o
 .debug_abbrev  0x000013d6      0x15d ./src/OS_Prog.o
 .debug_abbrev  0x00001533       0x70 ./src/RCC_program.o
 .debug_abbrev  0x000015a3      0x209 ./src/USART_DMA_prog.o
 .debug_abbrev  0x000017ac      0x119 ./src/main.o

.debug_line     0x00000000     0x3082
 *(.debug_line)
 .debug_line    0x00000000      0x377 ./system/src/newlib/_exit.o
 .debug_line    0x00000377      0x32b ./system/src/newlib/_sbrk.o
 .debug_line    0x000006a2      0x3e5 ./system/src/newlib/_startup.o
 .debug_line    0x00000a87      0x44b ./system/src/newlib/_syscalls.o
 .debug_line    0x00000ed2      0x3f3 ./system/src/diag/Trace.o
 .debug_line    0x000012c5      0x660 ./system/src/diag/trace_impl.o
 .debug_line    0x00001925      0x37e ./system/src/cortexm/_initialize_hardware.o
 .debug_line    0x00001ca3      0x722 ./system/src/cortexm/exception_handlers.o
 .debug_line    0x000023c5      0x3f1 ./system/src/cmsis/system_stm32f10x.o
 .debug_line    0x000027b6      0x10a ./system/src/cmsis/vectors_stm32f10x.o
 .debug_line    0x000028c0       0xd4 ./src/DIO_program.o
 .debug_line    0x00002994       0xe9 ./src/NVIC_prog.o
 .debug_line    0x00002a7d      0x15d ./src/OS_Prog.o
 .debug_line    0x00002bda       0xdd ./src/RCC_program.o
 .debug_line    0x00002cb7      0x24b ./src/USART_DMA_prog.o
 .debug_line    0x00002f02      0x180 ./src/main.o

.debug_frame    0x00000000      0x9dc
 *(.debug_frame)
 .debug_frame   0x00000000       0x38 ./system/src/newlib/_exit.o
 .debug_frame   0x00000038       0x28 ./system/src/newlib/_sbrk.o
 .debug_frame   0x00000060       0x7c ./system/src/newlib/_startup.o
 .debug_frame   0x000000dc       0x50 ./system/src/newlib/_syscalls.o
 .debug_frame   0x0000012c       0x94 ./system/src/diag/Trace.o
 .debug_frame   0x000001c0       0x64 ./system/src/diag/trace_impl.o
 .debug_frame   0x00000224       0x40 ./system/src/cortexm/_initialize_hardware.o
 .debug_frame   0x00000264      0x158 ./system/src/cortexm/exception_handlers.o
 .debug_frame   0x000003bc       0x6c ./system/src/cmsis/system_stm32f10x.o
 .debug_frame   0x00000428       0x20 ./system/src/cmsis/vectors_stm32f10x.o
 .debug_frame   0x00000448       0x40 ./src/DIO_program.o
 .debug_frame   0x00000488       0x70 ./src/NVIC_prog.o
 .debug_frame   0x000004f8       0xa0 ./src/OS_Prog.o
 .debug_frame   0x00000598       0x40 ./src/RCC_program.o
 .debug_frame   0x000005d8       0xbc ./src/USART_DMA_prog.o
 .debug_frame   0x00000694       0x58 ./src/main.o
 .debug_frame   0x000006ec       0x20 d:/imt_tools/arm tools/01- imt sdk/imt_sdk_win_64/winarm/armgcc/bin/../lib/gcc/arm-none-eabi/7.2.1/../../../../arm-none-eabi/lib/thumb/v7-m\libg_nano.a(lib_a-errno.o)
 .debug_frame   0x0000070c       0x4c d:/imt_tools/arm tools/01- imt sdk/imt_sdk_win_64/winarm/armgcc/bin/../lib/gcc/arm-none-eabi/7.2.1/../../../../arm-none-eabi/lib/thumb/v7-m\libg_nano.a(lib_a-vsnprintf.o)
 .debug_frame   0x00000758       0x90 d:/imt_tools/arm tools/01- imt sdk/imt_sdk_win_64/winarm/armgcc/bin/../lib/gcc/arm-none-eabi/7.2.1/../../../../arm-none-eabi/lib/thumb/v7-m\libg_nano.a(lib_a-nano-svfprintf.o)
 .debug_frame   0x000007e8       0x60 d:/imt_tools/arm tools/01- imt sdk/imt_sdk_win_64/winarm/armgcc/bin/../lib/gcc/arm-none-eabi/7.2.1/../../../../arm-none-eabi/lib/thumb/v7-m\libg_nano.a(lib_a-nano-vfprintf_i.o)
 .debug_frame   0x00000848       0x28 d:/imt_tools/arm tools/01- imt sdk/imt_sdk_win_64/winarm/armgcc/bin/../lib/gcc/arm-none-eabi/7.2.1/../../../../arm-none-eabi/lib/thumb/v7-m\libg_nano.a(lib_a-memchr-stub.o)
 .debug_frame   0x00000870       0x28 d:/imt_tools/arm tools/01- imt sdk/imt_sdk_win_64/winarm/armgcc/bin/../lib/gcc/arm-none-eabi/7.2.1/../../../../arm-none-eabi/lib/thumb/v7-m\libg_nano.a(lib_a-memcpy-stub.o)
 .debug_frame   0x00000898       0x28 d:/imt_tools/arm tools/01- imt sdk/imt_sdk_win_64/winarm/armgcc/bin/../lib/gcc/arm-none-eabi/7.2.1/../../../../arm-none-eabi/lib/thumb/v7-m\libg_nano.a(lib_a-memmove.o)
 .debug_frame   0x000008c0       0x38 d:/imt_tools/arm tools/01- imt sdk/imt_sdk_win_64/winarm/armgcc/bin/../lib/gcc/arm-none-eabi/7.2.1/../../../../arm-none-eabi/lib/thumb/v7-m\libg_nano.a(lib_a-nano-freer.o)
 .debug_frame   0x000008f8       0x2c d:/imt_tools/arm tools/01- imt sdk/imt_sdk_win_64/winarm/armgcc/bin/../lib/gcc/arm-none-eabi/7.2.1/../../../../arm-none-eabi/lib/thumb/v7-m\libg_nano.a(lib_a-nano-mallocr.o)
 .debug_frame   0x00000924       0x3c d:/imt_tools/arm tools/01- imt sdk/imt_sdk_win_64/winarm/armgcc/bin/../lib/gcc/arm-none-eabi/7.2.1/../../../../arm-none-eabi/lib/thumb/v7-m\libg_nano.a(lib_a-nano-reallocr.o)
 .debug_frame   0x00000960       0x2c d:/imt_tools/arm tools/01- imt sdk/imt_sdk_win_64/winarm/armgcc/bin/../lib/gcc/arm-none-eabi/7.2.1/../../../../arm-none-eabi/lib/thumb/v7-m\libg_nano.a(lib_a-sbrkr.o)
 .debug_frame   0x0000098c       0x30 d:/imt_tools/arm tools/01- imt sdk/imt_sdk_win_64/winarm/armgcc/bin/../lib/gcc/arm-none-eabi/7.2.1/../../../../arm-none-eabi/lib/thumb/v7-m\libg_nano.a(lib_a-mlock.o)
 .debug_frame   0x000009bc       0x20 d:/imt_tools/arm tools/01- imt sdk/imt_sdk_win_64/winarm/armgcc/bin/../lib/gcc/arm-none-eabi/7.2.1/../../../../arm-none-eabi/lib/thumb/v7-m\libg_nano.a(lib_a-nano-msizer.o)

.debug_str      0x00000000    0x598a5
 *(.debug_str)
 .debug_str     0x00000000     0x7d1e ./system/src/newlib/_exit.o
                               0x7ef1 (size before relaxing)
 .debug_str     0x00007d1e      0x4f5 ./system/src/newlib/_sbrk.o
                               0x72a3 (size before relaxing)
 .debug_str     0x00008213      0xbbd ./system/src/newlib/_startup.o
                               0x69de (size before relaxing)
 .debug_str     0x00008dd0      0xe8b ./system/src/newlib/_syscalls.o
                               0x817e (size before relaxing)
 .debug_str     0x00009c5b      0x826 ./system/src/diag/Trace.o
                               0x8669 (size before relaxing)
 .debug_str     0x0000a481    0x4b2b9 ./system/src/diag/trace_impl.o
                              0x52a4f (size before relaxing)
 .debug_str     0x0005573a       0xc4 ./system/src/cortexm/_initialize_hardware.o
                              0x4e840 (size before relaxing)
 .debug_str     0x000557fe      0x1a6 ./system/src/cortexm/exception_handlers.o
                              0x53c74 (size before relaxing)
 .debug_str     0x000559a4      0x114 ./system/src/cmsis/system_stm32f10x.o
                              0x4e8da (size before relaxing)
 .debug_str     0x00055ab8       0x57 ./system/src/cmsis/vectors_stm32f10x.o
                               0x387f (size before relaxing)
 .debug_str     0x00055b0f     0x10bf ./src/DIO_program.o
                               0x3e4f (size before relaxing)
 .debug_str     0x00056bce      0x3f5 ./src/NVIC_prog.o
                               0x3195 (size before relaxing)
 .debug_str     0x00056fc3      0x1d9 ./src/OS_Prog.o
                               0x33a6 (size before relaxing)
 .debug_str     0x0005719c      0x895 ./src/RCC_program.o
                               0x3a2d (size before relaxing)
 .debug_str     0x00057a31     0x1e4b ./src/USART_DMA_prog.o
                               0x5f0e (size before relaxing)
 .debug_str     0x0005987c       0x29 ./src/main.o
                               0x59e2 (size before relaxing)

.debug_loc      0x00000000      0xd75
 *(.debug_loc)
 .debug_loc     0x00000000       0x85 ./system/src/newlib/_sbrk.o
 .debug_loc     0x00000085      0x1a9 ./system/src/newlib/_startup.o
 .debug_loc     0x0000022e       0x63 ./system/src/newlib/_syscalls.o
 .debug_loc     0x00000291       0xf6 ./system/src/diag/Trace.o
 .debug_loc     0x00000387      0x121 ./system/src/diag/trace_impl.o
 .debug_loc     0x000004a8      0x291 ./system/src/cortexm/exception_handlers.o
 .debug_loc     0x00000739       0xdf ./system/src/cmsis/system_stm32f10x.o
 .debug_loc     0x00000818      0x1dc ./src/DIO_program.o
 .debug_loc     0x000009f4      0x135 ./src/NVIC_prog.o
 .debug_loc     0x00000b29       0x73 ./src/OS_Prog.o
 .debug_loc     0x00000b9c       0xa1 ./src/RCC_program.o
 .debug_loc     0x00000c3d      0x138 ./src/USART_DMA_prog.o

.debug_macinfo
 *(.debug_macinfo)

.debug_weaknames
 *(.debug_weaknames)

.debug_funcnames
 *(.debug_funcnames)

.debug_typenames
 *(.debug_typenames)

.debug_varnames
 *(.debug_varnames)
OUTPUT(System_Memory_Bootloader.elf elf32-littlearm)

.debug_ranges   0x00000000      0x340
 .debug_ranges  0x00000000       0x18 ./system/src/newlib/_exit.o
 .debug_ranges  0x00000018       0x10 ./system/src/newlib/_sbrk.o
 .debug_ranges  0x00000028       0x78 ./system/src/newlib/_startup.o
 .debug_ranges  0x000000a0       0x20 ./system/src/newlib/_syscalls.o
 .debug_ranges  0x000000c0       0x28 ./system/src/diag/Trace.o
 .debug_ranges  0x000000e8       0x50 ./system/src/diag/trace_impl.o
 .debug_ranges  0x00000138       0x18 ./system/src/cortexm/_initialize_hardware.o
 .debug_ranges  0x00000150       0x80 ./system/src/cortexm/exception_handlers.o
 .debug_ranges  0x000001d0       0x28 ./system/src/cmsis/system_stm32f10x.o
 .debug_ranges  0x000001f8       0x10 ./system/src/cmsis/vectors_stm32f10x.o
 .debug_ranges  0x00000208       0x20 ./src/DIO_program.o
 .debug_ranges  0x00000228       0x38 ./src/NVIC_prog.o
 .debug_ranges  0x00000260       0x58 ./src/OS_Prog.o
 .debug_ranges  0x000002b8       0x20 ./src/RCC_program.o
 .debug_ranges  0x000002d8       0x48 ./src/USART_DMA_prog.o
 .debug_ranges  0x00000320       0x20 ./src/main.o

.debug_macro    0x00000000     0x36db
 .debug_macro   0x00000000      0x1b4 ./system/src/newlib/_exit.o
 .debug_macro   0x000001b4       0x9c ./system/src/newlib/_exit.o
 .debug_macro   0x00000250      0x10e ./system/src/newlib/_exit.o
 .debug_macro   0x0000035e       0x8d ./system/src/newlib/_exit.o
 .debug_macro   0x000003eb       0x43 ./system/src/newlib/_exit.o
 .debug_macro   0x0000042e      0x330 ./system/src/newlib/_exit.o
 .debug_macro   0x0000075e       0x35 ./system/src/newlib/_exit.o
 .debug_macro   0x00000793      0x169 ./system/src/newlib/_sbrk.o
 .debug_macro   0x000008fc      0x174 ./system/src/newlib/_sbrk.o
 .debug_macro   0x00000a70       0x10 ./system/src/newlib/_sbrk.o
 .debug_macro   0x00000a80      0x23b ./system/src/newlib/_sbrk.o
 .debug_macro   0x00000cbb      0x173 ./system/src/newlib/_startup.o
 .debug_macro   0x00000e2e      0x217 ./system/src/newlib/_syscalls.o
 .debug_macro   0x00001045       0x1c ./system/src/newlib/_syscalls.o
 .debug_macro   0x00001061       0x10 ./system/src/newlib/_syscalls.o
 .debug_macro   0x00001071       0x10 ./system/src/newlib/_syscalls.o
 .debug_macro   0x00001081       0x10 ./system/src/newlib/_syscalls.o
 .debug_macro   0x00001091       0x35 ./system/src/newlib/_syscalls.o
 .debug_macro   0x000010c6      0x122 ./system/src/newlib/_syscalls.o
 .debug_macro   0x000011e8       0x88 ./system/src/newlib/_syscalls.o
 .debug_macro   0x00001270       0x2b ./system/src/newlib/_syscalls.o
 .debug_macro   0x0000129b      0x118 ./system/src/newlib/_syscalls.o
 .debug_macro   0x000013b3      0x189 ./system/src/newlib/_syscalls.o
 .debug_macro   0x0000153c       0x16 ./system/src/newlib/_syscalls.o
 .debug_macro   0x00001552      0x1fb ./system/src/diag/Trace.o
 .debug_macro   0x0000174d       0x16 ./system/src/diag/Trace.o
 .debug_macro   0x00001763       0x97 ./system/src/diag/Trace.o
 .debug_macro   0x000017fa       0xfd ./system/src/diag/Trace.o
 .debug_macro   0x000018f7       0x10 ./system/src/diag/Trace.o
 .debug_macro   0x00001907       0x16 ./system/src/diag/Trace.o
 .debug_macro   0x0000191d      0x16f ./system/src/diag/Trace.o
 .debug_macro   0x00001a8c       0x4c ./system/src/diag/Trace.o
 .debug_macro   0x00001ad8       0x16 ./system/src/diag/Trace.o
 .debug_macro   0x00001aee      0x2da ./system/src/diag/trace_impl.o
 .debug_macro   0x00001dc8       0x10 ./system/src/diag/trace_impl.o
 .debug_macro   0x00001dd8       0xcf ./system/src/diag/trace_impl.o
 .debug_macro   0x00001ea7       0xbe ./system/src/diag/trace_impl.o
 .debug_macro   0x00001f65       0x22 ./system/src/diag/trace_impl.o
 .debug_macro   0x00001f87      0x16b ./system/src/cortexm/_initialize_hardware.o
 .debug_macro   0x000020f2      0x324 ./system/src/cortexm/exception_handlers.o
 .debug_macro   0x00002416       0x3b ./system/src/cortexm/exception_handlers.o
 .debug_macro   0x00002451       0x10 ./system/src/cortexm/exception_handlers.o
 .debug_macro   0x00002461      0x16e ./system/src/cmsis/system_stm32f10x.o
 .debug_macro   0x000025cf       0x34 ./system/src/cmsis/vectors_stm32f10x.o
 .debug_macro   0x00002603       0x3f ./src/DIO_program.o
 .debug_macro   0x00002642       0x5e ./src/DIO_program.o
 .debug_macro   0x000026a0      0x13c ./src/DIO_program.o
 .debug_macro   0x000027dc      0x12a ./src/DIO_program.o
 .debug_macro   0x00002906       0x1c ./src/DIO_program.o
 .debug_macro   0x00002922       0x33 ./src/NVIC_prog.o
 .debug_macro   0x00002955      0x172 ./src/NVIC_prog.o
 .debug_macro   0x00002ac7       0x34 ./src/NVIC_prog.o
 .debug_macro   0x00002afb       0x5d ./src/OS_Prog.o
 .debug_macro   0x00002b58       0x1c ./src/OS_Prog.o
 .debug_macro   0x00002b74       0x1c ./src/OS_Prog.o
 .debug_macro   0x00002b90       0x10 ./src/OS_Prog.o
 .debug_macro   0x00002ba0       0x4b ./src/RCC_program.o
 .debug_macro   0x00002beb      0x249 ./src/RCC_program.o
 .debug_macro   0x00002e34       0x28 ./src/RCC_program.o
 .debug_macro   0x00002e5c       0x46 ./src/RCC_program.o
 .debug_macro   0x00002ea2       0xa3 ./src/USART_DMA_prog.o
 .debug_macro   0x00002f45       0x82 ./src/USART_DMA_prog.o
 .debug_macro   0x00002fc7       0xd0 ./src/USART_DMA_prog.o
 .debug_macro   0x00003097      0x1b2 ./src/USART_DMA_prog.o
 .debug_macro   0x00003249      0x16c ./src/USART_DMA_prog.o
 .debug_macro   0x000033b5       0xb8 ./src/USART_DMA_prog.o
 .debug_macro   0x0000346d       0xca ./src/USART_DMA_prog.o
 .debug_macro   0x00003537       0xbe ./src/main.o
 .debug_macro   0x000035f5       0x5e ./src/main.o
 .debug_macro   0x00003653       0x88 ./src/main.o
